1. multiple reloading
2. postgres not for free 

2025-03-07 19:16:44,184: Error running WSGI application
2025-03-07 19:16:44,187: TypeError: 'OperationalError' object is not iterable
2025-03-07 19:16:44,187:   File "/home/taib0110/backend/src/views.py", line 29, in getData
2025-03-07 19:16:44,188:     for item in data:

Expected iterable data, type <class 'mysql.connector.errors.OperationalError'>
]
}